// Jest Snapshot v1, https://goo.gl/fbAQLP

exports[`<HomePage /> shapshot 1`] = `
<h2>
  Home
</h2>
`;
